Analysis & Synthesis report for final
Mon Dec 02 16:15:53 2024
Quartus II Version 9.0 Build 132 02/25/2009 SJ Web Edition


---------------------
; Table of Contents ;
---------------------
  1. Legal Notice
  2. Analysis & Synthesis Summary
  3. Analysis & Synthesis Settings
  4. Analysis & Synthesis Source Files Read
  5. Analysis & Synthesis Resource Usage Summary
  6. Analysis & Synthesis Resource Utilization by Entity
  7. State Machine - |final|state
  8. State Machine - |final|snake_direction
  9. User-Specified and Inferred Latches
 10. Registers Removed During Synthesis
 11. General Register Statistics
 12. Multiplexer Restructuring Statistics (Restructuring Performed)
 13. Parameter Settings for User Entity Instance: Top-level Entity: |final
 14. Parameter Settings for Inferred Entity Instance: lpm_divide:Div0
 15. Parameter Settings for Inferred Entity Instance: lpm_divide:Mod0
 16. Parameter Settings for Inferred Entity Instance: lpm_divide:Mod1
 17. Port Connectivity Checks: "bcd_to_7segment:comb_170"
 18. Port Connectivity Checks: "bcd_to_7segment:comb_144"
 19. Analysis & Synthesis Messages
 20. Analysis & Synthesis Suppressed Messages



----------------
; Legal Notice ;
----------------
Copyright (C) 1991-2009 Altera Corporation
Your use of Altera Corporation's design tools, logic functions 
and other software and tools, and its AMPP partner logic 
functions, and any output files from any of the foregoing 
(including device programming or simulation files), and any 
associated documentation or information are expressly subject 
to the terms and conditions of the Altera Program License 
Subscription Agreement, Altera MegaCore Function License 
Agreement, or other applicable license agreement, including, 
without limitation, that your use is for the sole purpose of 
programming logic devices manufactured by Altera and sold by 
Altera or its authorized distributors.  Please refer to the 
applicable agreement for further details.



+-----------------------------------------------------------------------+
; Analysis & Synthesis Summary                                          ;
+-----------------------------+-----------------------------------------+
; Analysis & Synthesis Status ; Successful - Mon Dec 02 16:15:53 2024   ;
; Quartus II Version          ; 9.0 Build 132 02/25/2009 SJ Web Edition ;
; Revision Name               ; final                                   ;
; Top-level Entity Name       ; final                                   ;
; Family                      ; Cyclone                                 ;
; Total logic elements        ; 3,202                                   ;
; Total pins                  ; 54                                      ;
; Total virtual pins          ; 0                                       ;
; Total memory bits           ; 0                                       ;
; Total PLLs                  ; 0                                       ;
+-----------------------------+-----------------------------------------+


+----------------------------------------------------------------------------------------------------------+
; Analysis & Synthesis Settings                                                                            ;
+----------------------------------------------------------------+--------------------+--------------------+
; Option                                                         ; Setting            ; Default Value      ;
+----------------------------------------------------------------+--------------------+--------------------+
; Device                                                         ; EP1C6Q240C8        ;                    ;
; Top-level entity name                                          ; final              ; final              ;
; Family name                                                    ; Cyclone            ; Stratix II         ;
; Use Generated Physical Constraints File                        ; Off                ;                    ;
; Use smart compilation                                          ; Off                ; Off                ;
; Restructure Multiplexers                                       ; Auto               ; Auto               ;
; Create Debugging Nodes for IP Cores                            ; Off                ; Off                ;
; Preserve fewer node names                                      ; On                 ; On                 ;
; Disable OpenCore Plus hardware evaluation                      ; Off                ; Off                ;
; Verilog Version                                                ; Verilog_2001       ; Verilog_2001       ;
; VHDL Version                                                   ; VHDL93             ; VHDL93             ;
; State Machine Processing                                       ; Auto               ; Auto               ;
; Safe State Machine                                             ; Off                ; Off                ;
; Extract Verilog State Machines                                 ; On                 ; On                 ;
; Extract VHDL State Machines                                    ; On                 ; On                 ;
; Ignore Verilog initial constructs                              ; Off                ; Off                ;
; Iteration limit for constant Verilog loops                     ; 5000               ; 5000               ;
; Iteration limit for non-constant Verilog loops                 ; 250                ; 250                ;
; Add Pass-Through Logic to Inferred RAMs                        ; On                 ; On                 ;
; Parallel Synthesis                                             ; Off                ; Off                ;
; NOT Gate Push-Back                                             ; On                 ; On                 ;
; Power-Up Don't Care                                            ; On                 ; On                 ;
; Remove Redundant Logic Cells                                   ; Off                ; Off                ;
; Remove Duplicate Registers                                     ; On                 ; On                 ;
; Ignore CARRY Buffers                                           ; Off                ; Off                ;
; Ignore CASCADE Buffers                                         ; Off                ; Off                ;
; Ignore GLOBAL Buffers                                          ; Off                ; Off                ;
; Ignore ROW GLOBAL Buffers                                      ; Off                ; Off                ;
; Ignore LCELL Buffers                                           ; Off                ; Off                ;
; Ignore SOFT Buffers                                            ; On                 ; On                 ;
; Limit AHDL Integers to 32 Bits                                 ; Off                ; Off                ;
; Optimization Technique                                         ; Balanced           ; Balanced           ;
; Carry Chain Length                                             ; 70                 ; 70                 ;
; Auto Carry Chains                                              ; On                 ; On                 ;
; Auto Open-Drain Pins                                           ; On                 ; On                 ;
; Perform WYSIWYG Primitive Resynthesis                          ; Off                ; Off                ;
; Auto ROM Replacement                                           ; On                 ; On                 ;
; Auto RAM Replacement                                           ; On                 ; On                 ;
; Auto Shift Register Replacement                                ; Auto               ; Auto               ;
; Auto Clock Enable Replacement                                  ; On                 ; On                 ;
; Strict RAM Replacement                                         ; Off                ; Off                ;
; Allow Synchronous Control Signals                              ; On                 ; On                 ;
; Force Use of Synchronous Clear Signals                         ; Off                ; Off                ;
; Auto RAM Block Balancing                                       ; On                 ; On                 ;
; Auto RAM to Logic Cell Conversion                              ; Off                ; Off                ;
; Auto Resource Sharing                                          ; Off                ; Off                ;
; Allow Any RAM Size For Recognition                             ; Off                ; Off                ;
; Allow Any ROM Size For Recognition                             ; Off                ; Off                ;
; Allow Any Shift Register Size For Recognition                  ; Off                ; Off                ;
; Use LogicLock Constraints during Resource Balancing            ; On                 ; On                 ;
; Ignore translate_off and synthesis_off directives              ; Off                ; Off                ;
; Show Parameter Settings Tables in Synthesis Report             ; On                 ; On                 ;
; Ignore Maximum Fan-Out Assignments                             ; Off                ; Off                ;
; Synchronization Register Chain Length                          ; 2                  ; 2                  ;
; PowerPlay Power Optimization                                   ; Normal compilation ; Normal compilation ;
; HDL message level                                              ; Level2             ; Level2             ;
; Suppress Register Optimization Related Messages                ; Off                ; Off                ;
; Number of Removed Registers Reported in Synthesis Report       ; 100                ; 100                ;
; Number of Inverted Registers Reported in Synthesis Report      ; 100                ; 100                ;
; Clock MUX Protection                                           ; On                 ; On                 ;
; Block Design Naming                                            ; Auto               ; Auto               ;
; Synthesis Effort                                               ; Auto               ; Auto               ;
; Allows Asynchronous Clear Usage For Shift Register Replacement ; On                 ; On                 ;
; Analysis & Synthesis Message Level                             ; Medium             ; Medium             ;
+----------------------------------------------------------------+--------------------+--------------------+


+------------------------------------------------------------------------------------------------------------------------------------------------------+
; Analysis & Synthesis Source Files Read                                                                                                               ;
+----------------------------------+-----------------+------------------------------+------------------------------------------------------------------+
; File Name with User-Entered Path ; Used in Netlist ; File Type                    ; File Name with Absolute Path                                     ;
+----------------------------------+-----------------+------------------------------+------------------------------------------------------------------+
; final.v                          ; yes             ; User Verilog HDL File        ; C:/altera/90/quartus/final/final.v                               ;
; lpm_divide.tdf                   ; yes             ; Megafunction                 ; c:/altera/90/quartus/libraries/megafunctions/lpm_divide.tdf      ;
; abs_divider.inc                  ; yes             ; Megafunction                 ; c:/altera/90/quartus/libraries/megafunctions/abs_divider.inc     ;
; sign_div_unsign.inc              ; yes             ; Megafunction                 ; c:/altera/90/quartus/libraries/megafunctions/sign_div_unsign.inc ;
; aglobal90.inc                    ; yes             ; Megafunction                 ; c:/altera/90/quartus/libraries/megafunctions/aglobal90.inc       ;
; db/lpm_divide_f5m.tdf            ; yes             ; Auto-Generated Megafunction  ; C:/altera/90/quartus/final/db/lpm_divide_f5m.tdf                 ;
; db/sign_div_unsign_bkh.tdf       ; yes             ; Auto-Generated Megafunction  ; C:/altera/90/quartus/final/db/sign_div_unsign_bkh.tdf            ;
; db/alt_u_div_6oe.tdf             ; yes             ; Auto-Generated Megafunction  ; C:/altera/90/quartus/final/db/alt_u_div_6oe.tdf                  ;
; db/add_sub_3dc.tdf               ; yes             ; Auto-Generated Megafunction  ; C:/altera/90/quartus/final/db/add_sub_3dc.tdf                    ;
; db/add_sub_4dc.tdf               ; yes             ; Auto-Generated Megafunction  ; C:/altera/90/quartus/final/db/add_sub_4dc.tdf                    ;
; db/add_sub_5dc.tdf               ; yes             ; Auto-Generated Megafunction  ; C:/altera/90/quartus/final/db/add_sub_5dc.tdf                    ;
; db/add_sub_6dc.tdf               ; yes             ; Auto-Generated Megafunction  ; C:/altera/90/quartus/final/db/add_sub_6dc.tdf                    ;
; db/add_sub_7dc.tdf               ; yes             ; Auto-Generated Megafunction  ; C:/altera/90/quartus/final/db/add_sub_7dc.tdf                    ;
; db/lpm_divide_itl.tdf            ; yes             ; Auto-Generated Megafunction  ; C:/altera/90/quartus/final/db/lpm_divide_itl.tdf                 ;
; db/lpm_divide_ntl.tdf            ; yes             ; Auto-Generated Megafunction  ; C:/altera/90/quartus/final/db/lpm_divide_ntl.tdf                 ;
; db/sign_div_unsign_hkh.tdf       ; yes             ; Auto-Generated Megafunction  ; C:/altera/90/quartus/final/db/sign_div_unsign_hkh.tdf            ;
; db/alt_u_div_61f.tdf             ; yes             ; Auto-Generated Megafunction  ; C:/altera/90/quartus/final/db/alt_u_div_61f.tdf                  ;
+----------------------------------+-----------------+------------------------------+------------------------------------------------------------------+


+-----------------------------------------------------+
; Analysis & Synthesis Resource Usage Summary         ;
+---------------------------------------------+-------+
; Resource                                    ; Usage ;
+---------------------------------------------+-------+
; Total logic elements                        ; 3202  ;
;     -- Combinational with no register       ; 2507  ;
;     -- Register only                        ; 352   ;
;     -- Combinational with a register        ; 343   ;
;                                             ;       ;
; Logic element usage by number of LUT inputs ;       ;
;     -- 4 input functions                    ; 2189  ;
;     -- 3 input functions                    ; 190   ;
;     -- 2 input functions                    ; 163   ;
;     -- 1 input functions                    ; 307   ;
;     -- 0 input functions                    ; 1     ;
;                                             ;       ;
; Logic elements by mode                      ;       ;
;     -- normal mode                          ; 3045  ;
;     -- arithmetic mode                      ; 157   ;
;     -- qfbk mode                            ; 0     ;
;     -- register cascade mode                ; 0     ;
;     -- synchronous clear/load mode          ; 32    ;
;     -- asynchronous clear/load mode         ; 0     ;
;                                             ;       ;
; Total registers                             ; 695   ;
; Total logic cells in carry chains           ; 193   ;
; I/O pins                                    ; 54    ;
; Maximum fan-out node                        ; clk   ;
; Maximum fan-out                             ; 695   ;
; Total fan-out                               ; 11776 ;
; Average fan-out                             ; 3.62  ;
+---------------------------------------------+-------+


+--------------------------------------------------------------------------------------------------------------------------------------------------------------------------------------------------------------------------------------------------------------------------------------------------------------------------------------------+
; Analysis & Synthesis Resource Utilization by Entity                                                                                                                                                                                                                                                                                        ;
+----------------------------------------+-------------+--------------+-------------+------+--------------+--------------+-------------------+------------------+-----------------+------------+------------------------------------------------------------------------------------------------------------------------------+--------------+
; Compilation Hierarchy Node             ; Logic Cells ; LC Registers ; Memory Bits ; Pins ; Virtual Pins ; LUT-Only LCs ; Register-Only LCs ; LUT/Register LCs ; Carry Chain LCs ; Packed LCs ; Full Hierarchy Name                                                                                                          ; Library Name ;
+----------------------------------------+-------------+--------------+-------------+------+--------------+--------------+-------------------+------------------+-----------------+------------+------------------------------------------------------------------------------------------------------------------------------+--------------+
; |final                                 ; 3202 (2952) ; 695          ; 0           ; 54   ; 0            ; 2507 (2257)  ; 352 (352)         ; 343 (343)        ; 193 (75)        ; 0 (0)      ; |final                                                                                                                       ; work         ;
;    |bcd_to_7segment:comb_144|          ; 15 (15)     ; 0            ; 0           ; 0    ; 0            ; 15 (15)      ; 0 (0)             ; 0 (0)            ; 0 (0)           ; 0 (0)      ; |final|bcd_to_7segment:comb_144                                                                                              ; work         ;
;    |bcd_to_7segment:comb_170|          ; 15 (15)     ; 0            ; 0           ; 0    ; 0            ; 15 (15)      ; 0 (0)             ; 0 (0)            ; 0 (0)           ; 0 (0)      ; |final|bcd_to_7segment:comb_170                                                                                              ; work         ;
;    |lpm_divide:Div0|                   ; 58 (0)      ; 0            ; 0           ; 0    ; 0            ; 58 (0)       ; 0 (0)             ; 0 (0)            ; 32 (0)          ; 0 (0)      ; |final|lpm_divide:Div0                                                                                                       ; work         ;
;       |lpm_divide_f5m:auto_generated|  ; 58 (0)      ; 0            ; 0           ; 0    ; 0            ; 58 (0)       ; 0 (0)             ; 0 (0)            ; 32 (0)          ; 0 (0)      ; |final|lpm_divide:Div0|lpm_divide_f5m:auto_generated                                                                         ; work         ;
;          |sign_div_unsign_bkh:divider| ; 58 (0)      ; 0            ; 0           ; 0    ; 0            ; 58 (0)       ; 0 (0)             ; 0 (0)            ; 32 (0)          ; 0 (0)      ; |final|lpm_divide:Div0|lpm_divide_f5m:auto_generated|sign_div_unsign_bkh:divider                                             ; work         ;
;             |alt_u_div_6oe:divider|    ; 58 (26)     ; 0            ; 0           ; 0    ; 0            ; 58 (26)      ; 0 (0)             ; 0 (0)            ; 32 (0)          ; 0 (0)      ; |final|lpm_divide:Div0|lpm_divide_f5m:auto_generated|sign_div_unsign_bkh:divider|alt_u_div_6oe:divider                       ; work         ;
;                |add_sub_6dc:add_sub_3| ; 6 (6)       ; 0            ; 0           ; 0    ; 0            ; 6 (6)        ; 0 (0)             ; 0 (0)            ; 6 (6)           ; 0 (0)      ; |final|lpm_divide:Div0|lpm_divide_f5m:auto_generated|sign_div_unsign_bkh:divider|alt_u_div_6oe:divider|add_sub_6dc:add_sub_3 ; work         ;
;                |add_sub_7dc:add_sub_4| ; 7 (7)       ; 0            ; 0           ; 0    ; 0            ; 7 (7)        ; 0 (0)             ; 0 (0)            ; 7 (7)           ; 0 (0)      ; |final|lpm_divide:Div0|lpm_divide_f5m:auto_generated|sign_div_unsign_bkh:divider|alt_u_div_6oe:divider|add_sub_7dc:add_sub_4 ; work         ;
;                |add_sub_7dc:add_sub_5| ; 7 (7)       ; 0            ; 0           ; 0    ; 0            ; 7 (7)        ; 0 (0)             ; 0 (0)            ; 7 (7)           ; 0 (0)      ; |final|lpm_divide:Div0|lpm_divide_f5m:auto_generated|sign_div_unsign_bkh:divider|alt_u_div_6oe:divider|add_sub_7dc:add_sub_5 ; work         ;
;                |add_sub_7dc:add_sub_6| ; 7 (7)       ; 0            ; 0           ; 0    ; 0            ; 7 (7)        ; 0 (0)             ; 0 (0)            ; 7 (7)           ; 0 (0)      ; |final|lpm_divide:Div0|lpm_divide_f5m:auto_generated|sign_div_unsign_bkh:divider|alt_u_div_6oe:divider|add_sub_7dc:add_sub_6 ; work         ;
;                |add_sub_7dc:add_sub_7| ; 5 (5)       ; 0            ; 0           ; 0    ; 0            ; 5 (5)        ; 0 (0)             ; 0 (0)            ; 5 (5)           ; 0 (0)      ; |final|lpm_divide:Div0|lpm_divide_f5m:auto_generated|sign_div_unsign_bkh:divider|alt_u_div_6oe:divider|add_sub_7dc:add_sub_7 ; work         ;
;    |lpm_divide:Mod0|                   ; 61 (0)      ; 0            ; 0           ; 0    ; 0            ; 61 (0)       ; 0 (0)             ; 0 (0)            ; 34 (0)          ; 0 (0)      ; |final|lpm_divide:Mod0                                                                                                       ; work         ;
;       |lpm_divide_itl:auto_generated|  ; 61 (0)      ; 0            ; 0           ; 0    ; 0            ; 61 (0)       ; 0 (0)             ; 0 (0)            ; 34 (0)          ; 0 (0)      ; |final|lpm_divide:Mod0|lpm_divide_itl:auto_generated                                                                         ; work         ;
;          |sign_div_unsign_bkh:divider| ; 61 (0)      ; 0            ; 0           ; 0    ; 0            ; 61 (0)       ; 0 (0)             ; 0 (0)            ; 34 (0)          ; 0 (0)      ; |final|lpm_divide:Mod0|lpm_divide_itl:auto_generated|sign_div_unsign_bkh:divider                                             ; work         ;
;             |alt_u_div_6oe:divider|    ; 61 (27)     ; 0            ; 0           ; 0    ; 0            ; 61 (27)      ; 0 (0)             ; 0 (0)            ; 34 (0)          ; 0 (0)      ; |final|lpm_divide:Mod0|lpm_divide_itl:auto_generated|sign_div_unsign_bkh:divider|alt_u_div_6oe:divider                       ; work         ;
;                |add_sub_6dc:add_sub_3| ; 6 (6)       ; 0            ; 0           ; 0    ; 0            ; 6 (6)        ; 0 (0)             ; 0 (0)            ; 6 (6)           ; 0 (0)      ; |final|lpm_divide:Mod0|lpm_divide_itl:auto_generated|sign_div_unsign_bkh:divider|alt_u_div_6oe:divider|add_sub_6dc:add_sub_3 ; work         ;
;                |add_sub_7dc:add_sub_4| ; 7 (7)       ; 0            ; 0           ; 0    ; 0            ; 7 (7)        ; 0 (0)             ; 0 (0)            ; 7 (7)           ; 0 (0)      ; |final|lpm_divide:Mod0|lpm_divide_itl:auto_generated|sign_div_unsign_bkh:divider|alt_u_div_6oe:divider|add_sub_7dc:add_sub_4 ; work         ;
;                |add_sub_7dc:add_sub_5| ; 7 (7)       ; 0            ; 0           ; 0    ; 0            ; 7 (7)        ; 0 (0)             ; 0 (0)            ; 7 (7)           ; 0 (0)      ; |final|lpm_divide:Mod0|lpm_divide_itl:auto_generated|sign_div_unsign_bkh:divider|alt_u_div_6oe:divider|add_sub_7dc:add_sub_5 ; work         ;
;                |add_sub_7dc:add_sub_6| ; 7 (7)       ; 0            ; 0           ; 0    ; 0            ; 7 (7)        ; 0 (0)             ; 0 (0)            ; 7 (7)           ; 0 (0)      ; |final|lpm_divide:Mod0|lpm_divide_itl:auto_generated|sign_div_unsign_bkh:divider|alt_u_div_6oe:divider|add_sub_7dc:add_sub_6 ; work         ;
;                |add_sub_7dc:add_sub_7| ; 7 (7)       ; 0            ; 0           ; 0    ; 0            ; 7 (7)        ; 0 (0)             ; 0 (0)            ; 7 (7)           ; 0 (0)      ; |final|lpm_divide:Mod0|lpm_divide_itl:auto_generated|sign_div_unsign_bkh:divider|alt_u_div_6oe:divider|add_sub_7dc:add_sub_7 ; work         ;
;    |lpm_divide:Mod1|                   ; 101 (0)     ; 0            ; 0           ; 0    ; 0            ; 101 (0)      ; 0 (0)             ; 0 (0)            ; 52 (0)          ; 0 (0)      ; |final|lpm_divide:Mod1                                                                                                       ; work         ;
;       |lpm_divide_ntl:auto_generated|  ; 101 (0)     ; 0            ; 0           ; 0    ; 0            ; 101 (0)      ; 0 (0)             ; 0 (0)            ; 52 (0)          ; 0 (0)      ; |final|lpm_divide:Mod1|lpm_divide_ntl:auto_generated                                                                         ; work         ;
;          |sign_div_unsign_hkh:divider| ; 101 (0)     ; 0            ; 0           ; 0    ; 0            ; 101 (0)      ; 0 (0)             ; 0 (0)            ; 52 (0)          ; 0 (0)      ; |final|lpm_divide:Mod1|lpm_divide_ntl:auto_generated|sign_div_unsign_hkh:divider                                             ; work         ;
;             |alt_u_div_61f:divider|    ; 101 (101)   ; 0            ; 0           ; 0    ; 0            ; 101 (101)    ; 0 (0)             ; 0 (0)            ; 52 (52)         ; 0 (0)      ; |final|lpm_divide:Mod1|lpm_divide_ntl:auto_generated|sign_div_unsign_hkh:divider|alt_u_div_61f:divider                       ; work         ;
+----------------------------------------+-------------+--------------+-------------+------+--------------+--------------+-------------------+------------------+-----------------+------------+------------------------------------------------------------------------------------------------------------------------------+--------------+
Note: For table entries with two numbers listed, the numbers in parentheses indicate the number of resources of the given type used by the specific entity alone. The numbers listed outside of parentheses indicate the total resources of the given type used by the specific entity and all of its sub-entities in the hierarchy.


Encoding Type:  One-Hot
+-----------------------------------------------------------------------------------------------------------------------------------------------------------------------------------------------------+
; State Machine - |final|state                                                                                                                                                                        ;
+----------------------------+-------------------+----------------------------+-----------------------+---------------------------+----------------------+----------------------------+---------------+
; Name                       ; state.s_game_over ; state.s_generate_food_loop ; state.s_generate_food ; state.s_update_snake_loop ; state.s_update_snake ; state.s_refresh_led_matrix ; state.s_reset ;
+----------------------------+-------------------+----------------------------+-----------------------+---------------------------+----------------------+----------------------------+---------------+
; state.s_reset              ; 0                 ; 0                          ; 0                     ; 0                         ; 0                    ; 0                          ; 0             ;
; state.s_refresh_led_matrix ; 0                 ; 0                          ; 0                     ; 0                         ; 0                    ; 1                          ; 1             ;
; state.s_update_snake       ; 0                 ; 0                          ; 0                     ; 0                         ; 1                    ; 0                          ; 1             ;
; state.s_update_snake_loop  ; 0                 ; 0                          ; 0                     ; 1                         ; 0                    ; 0                          ; 1             ;
; state.s_generate_food      ; 0                 ; 0                          ; 1                     ; 0                         ; 0                    ; 0                          ; 1             ;
; state.s_generate_food_loop ; 0                 ; 1                          ; 0                     ; 0                         ; 0                    ; 0                          ; 1             ;
; state.s_game_over          ; 1                 ; 0                          ; 0                     ; 0                         ; 0                    ; 0                          ; 1             ;
+----------------------------+-------------------+----------------------------+-----------------------+---------------------------+----------------------+----------------------------+---------------+


Encoding Type:  One-Hot
+----------------------------------------------------------------------------------------------------------------------------+
; State Machine - |final|snake_direction                                                                                     ;
+-------------------------+-------------------------+------------------------+------------------------+----------------------+
; Name                    ; snake_direction.d_right ; snake_direction.d_left ; snake_direction.d_down ; snake_direction.d_up ;
+-------------------------+-------------------------+------------------------+------------------------+----------------------+
; snake_direction.d_up    ; 0                       ; 0                      ; 0                      ; 0                    ;
; snake_direction.d_down  ; 0                       ; 0                      ; 1                      ; 1                    ;
; snake_direction.d_left  ; 0                       ; 1                      ; 0                      ; 1                    ;
; snake_direction.d_right ; 1                       ; 0                      ; 0                      ; 1                    ;
+-------------------------+-------------------------+------------------------+------------------------+----------------------+


+--------------------------------------------------------------------------------------------------------------+
; User-Specified and Inferred Latches                                                                          ;
+-----------------------------------------------------+-------------------------------+------------------------+
; Latch Name                                          ; Latch Enable Signal           ; Free of Timing Hazards ;
+-----------------------------------------------------+-------------------------------+------------------------+
; bcd_to_7segment:comb_144|out[6]                     ; bcd_to_7segment:comb_144|Mux7 ; yes                    ;
; bcd_to_7segment:comb_144|out[5]                     ; bcd_to_7segment:comb_144|Mux7 ; yes                    ;
; bcd_to_7segment:comb_144|out[4]                     ; bcd_to_7segment:comb_144|Mux7 ; yes                    ;
; bcd_to_7segment:comb_144|out[3]                     ; bcd_to_7segment:comb_144|Mux7 ; yes                    ;
; bcd_to_7segment:comb_144|out[2]                     ; bcd_to_7segment:comb_144|Mux7 ; yes                    ;
; bcd_to_7segment:comb_144|out[1]                     ; bcd_to_7segment:comb_144|Mux7 ; yes                    ;
; bcd_to_7segment:comb_144|out[0]                     ; bcd_to_7segment:comb_144|Mux7 ; yes                    ;
; bcd_to_7segment:comb_170|out[6]                     ; bcd_to_7segment:comb_170|Mux7 ; yes                    ;
; bcd_to_7segment:comb_170|out[5]                     ; bcd_to_7segment:comb_170|Mux7 ; yes                    ;
; bcd_to_7segment:comb_170|out[4]                     ; bcd_to_7segment:comb_170|Mux7 ; yes                    ;
; bcd_to_7segment:comb_170|out[3]                     ; bcd_to_7segment:comb_170|Mux7 ; yes                    ;
; bcd_to_7segment:comb_170|out[2]                     ; bcd_to_7segment:comb_170|Mux7 ; yes                    ;
; bcd_to_7segment:comb_170|out[1]                     ; bcd_to_7segment:comb_170|Mux7 ; yes                    ;
; bcd_to_7segment:comb_170|out[0]                     ; bcd_to_7segment:comb_170|Mux7 ; yes                    ;
; Number of user-specified and inferred latches = 14  ;                               ;                        ;
+-----------------------------------------------------+-------------------------------+------------------------+
Note: All latches listed above may not be present at the end of synthesis due to various synthesis optimizations.


+------------------------------------------------------------+
; Registers Removed During Synthesis                         ;
+---------------------------------------+--------------------+
; Register name                         ; Reason for Removal ;
+---------------------------------------+--------------------+
; state~41                              ; Lost fanout        ;
; state~42                              ; Lost fanout        ;
; state~43                              ; Lost fanout        ;
; snake_direction~37                    ; Lost fanout        ;
; snake_direction~38                    ; Lost fanout        ;
; Total Number of Removed Registers = 5 ;                    ;
+---------------------------------------+--------------------+


+------------------------------------------------------+
; General Register Statistics                          ;
+----------------------------------------------+-------+
; Statistic                                    ; Value ;
+----------------------------------------------+-------+
; Total registers                              ; 695   ;
; Number of registers using Synchronous Clear  ; 11    ;
; Number of registers using Synchronous Load   ; 21    ;
; Number of registers using Asynchronous Clear ; 0     ;
; Number of registers using Asynchronous Load  ; 0     ;
; Number of registers using Clock Enable       ; 675   ;
; Number of registers using Preset             ; 0     ;
+----------------------------------------------+-------+


+------------------------------------------------------------------------------------------------------------------------------------------+
; Multiplexer Restructuring Statistics (Restructuring Performed)                                                                           ;
+--------------------+-----------+---------------+----------------------+------------------------+------------+----------------------------+
; Multiplexer Inputs ; Bus Width ; Baseline Area ; Area if Restructured ; Saving if Restructured ; Registered ; Example Multiplexer Output ;
+--------------------+-----------+---------------+----------------------+------------------------+------------+----------------------------+
; 3:1                ; 11 bits   ; 22 LEs        ; 11 LEs               ; 11 LEs                 ; Yes        ; |final|counter[3]          ;
; 5:1                ; 8 bits    ; 24 LEs        ; 16 LEs               ; 8 LEs                  ; Yes        ; |final|snake[0][1]         ;
; 4:1                ; 8 bits    ; 16 LEs        ; 8 LEs                ; 8 LEs                  ; Yes        ; |final|j[6]                ;
; 6:1                ; 8 bits    ; 32 LEs        ; 8 LEs                ; 24 LEs                 ; Yes        ; |final|snake_length[0]     ;
; 6:1                ; 5 bits    ; 20 LEs        ; 10 LEs               ; 10 LEs                 ; Yes        ; |final|i[5]                ;
; 7:1                ; 2 bits    ; 8 LEs         ; 4 LEs                ; 4 LEs                  ; Yes        ; |final|i[0]                ;
; 15:1               ; 2 bits    ; 20 LEs        ; 4 LEs                ; 16 LEs                 ; Yes        ; |final|map[1][0]           ;
; 15:1               ; 2 bits    ; 20 LEs        ; 4 LEs                ; 16 LEs                 ; Yes        ; |final|map[129][1]         ;
; 15:1               ; 2 bits    ; 20 LEs        ; 4 LEs                ; 16 LEs                 ; Yes        ; |final|map[65][0]          ;
; 15:1               ; 2 bits    ; 20 LEs        ; 4 LEs                ; 16 LEs                 ; Yes        ; |final|map[193][0]         ;
; 15:1               ; 2 bits    ; 20 LEs        ; 4 LEs                ; 16 LEs                 ; Yes        ; |final|map[33][1]          ;
; 15:1               ; 2 bits    ; 20 LEs        ; 4 LEs                ; 16 LEs                 ; Yes        ; |final|map[161][0]         ;
; 15:1               ; 2 bits    ; 20 LEs        ; 4 LEs                ; 16 LEs                 ; Yes        ; |final|map[97][0]          ;
; 15:1               ; 2 bits    ; 20 LEs        ; 4 LEs                ; 16 LEs                 ; Yes        ; |final|map[225][1]         ;
; 15:1               ; 2 bits    ; 20 LEs        ; 4 LEs                ; 16 LEs                 ; Yes        ; |final|map[17][1]          ;
; 15:1               ; 2 bits    ; 20 LEs        ; 4 LEs                ; 16 LEs                 ; Yes        ; |final|map[145][0]         ;
; 15:1               ; 2 bits    ; 20 LEs        ; 4 LEs                ; 16 LEs                 ; Yes        ; |final|map[81][0]          ;
; 15:1               ; 2 bits    ; 20 LEs        ; 4 LEs                ; 16 LEs                 ; Yes        ; |final|map[209][1]         ;
; 15:1               ; 2 bits    ; 20 LEs        ; 4 LEs                ; 16 LEs                 ; Yes        ; |final|map[49][1]          ;
; 15:1               ; 2 bits    ; 20 LEs        ; 4 LEs                ; 16 LEs                 ; Yes        ; |final|map[177][1]         ;
; 15:1               ; 2 bits    ; 20 LEs        ; 4 LEs                ; 16 LEs                 ; Yes        ; |final|map[113][1]         ;
; 15:1               ; 2 bits    ; 20 LEs        ; 4 LEs                ; 16 LEs                 ; Yes        ; |final|map[241][0]         ;
; 15:1               ; 2 bits    ; 20 LEs        ; 4 LEs                ; 16 LEs                 ; Yes        ; |final|map[9][0]           ;
; 15:1               ; 2 bits    ; 20 LEs        ; 4 LEs                ; 16 LEs                 ; Yes        ; |final|map[137][1]         ;
; 15:1               ; 2 bits    ; 20 LEs        ; 4 LEs                ; 16 LEs                 ; Yes        ; |final|map[73][1]          ;
; 15:1               ; 2 bits    ; 20 LEs        ; 4 LEs                ; 16 LEs                 ; Yes        ; |final|map[201][1]         ;
; 15:1               ; 2 bits    ; 20 LEs        ; 4 LEs                ; 16 LEs                 ; Yes        ; |final|map[41][0]          ;
; 15:1               ; 2 bits    ; 20 LEs        ; 4 LEs                ; 16 LEs                 ; Yes        ; |final|map[169][0]         ;
; 15:1               ; 2 bits    ; 20 LEs        ; 4 LEs                ; 16 LEs                 ; Yes        ; |final|map[105][1]         ;
; 15:1               ; 2 bits    ; 20 LEs        ; 4 LEs                ; 16 LEs                 ; Yes        ; |final|map[233][1]         ;
; 15:1               ; 2 bits    ; 20 LEs        ; 4 LEs                ; 16 LEs                 ; Yes        ; |final|map[25][0]          ;
; 15:1               ; 2 bits    ; 20 LEs        ; 4 LEs                ; 16 LEs                 ; Yes        ; |final|map[153][0]         ;
; 15:1               ; 2 bits    ; 20 LEs        ; 4 LEs                ; 16 LEs                 ; Yes        ; |final|map[89][0]          ;
; 15:1               ; 2 bits    ; 20 LEs        ; 4 LEs                ; 16 LEs                 ; Yes        ; |final|map[217][1]         ;
; 15:1               ; 2 bits    ; 20 LEs        ; 4 LEs                ; 16 LEs                 ; Yes        ; |final|map[57][1]          ;
; 15:1               ; 2 bits    ; 20 LEs        ; 4 LEs                ; 16 LEs                 ; Yes        ; |final|map[185][0]         ;
; 15:1               ; 2 bits    ; 20 LEs        ; 4 LEs                ; 16 LEs                 ; Yes        ; |final|map[121][0]         ;
; 15:1               ; 2 bits    ; 20 LEs        ; 4 LEs                ; 16 LEs                 ; Yes        ; |final|map[249][1]         ;
; 15:1               ; 2 bits    ; 20 LEs        ; 4 LEs                ; 16 LEs                 ; Yes        ; |final|map[5][0]           ;
; 15:1               ; 2 bits    ; 20 LEs        ; 4 LEs                ; 16 LEs                 ; Yes        ; |final|map[133][0]         ;
; 15:1               ; 2 bits    ; 20 LEs        ; 4 LEs                ; 16 LEs                 ; Yes        ; |final|map[69][0]          ;
; 15:1               ; 2 bits    ; 20 LEs        ; 4 LEs                ; 16 LEs                 ; Yes        ; |final|map[197][1]         ;
; 15:1               ; 2 bits    ; 20 LEs        ; 4 LEs                ; 16 LEs                 ; Yes        ; |final|map[37][1]          ;
; 15:1               ; 2 bits    ; 20 LEs        ; 4 LEs                ; 16 LEs                 ; Yes        ; |final|map[165][1]         ;
; 15:1               ; 2 bits    ; 20 LEs        ; 4 LEs                ; 16 LEs                 ; Yes        ; |final|map[101][1]         ;
; 15:1               ; 2 bits    ; 20 LEs        ; 4 LEs                ; 16 LEs                 ; Yes        ; |final|map[229][1]         ;
; 15:1               ; 2 bits    ; 20 LEs        ; 4 LEs                ; 16 LEs                 ; Yes        ; |final|map[21][0]          ;
; 15:1               ; 2 bits    ; 20 LEs        ; 4 LEs                ; 16 LEs                 ; Yes        ; |final|map[149][1]         ;
; 15:1               ; 2 bits    ; 20 LEs        ; 4 LEs                ; 16 LEs                 ; Yes        ; |final|map[85][0]          ;
; 15:1               ; 2 bits    ; 20 LEs        ; 4 LEs                ; 16 LEs                 ; Yes        ; |final|map[213][0]         ;
; 15:1               ; 2 bits    ; 20 LEs        ; 4 LEs                ; 16 LEs                 ; Yes        ; |final|map[53][1]          ;
; 15:1               ; 2 bits    ; 20 LEs        ; 4 LEs                ; 16 LEs                 ; Yes        ; |final|map[181][0]         ;
; 15:1               ; 2 bits    ; 20 LEs        ; 4 LEs                ; 16 LEs                 ; Yes        ; |final|map[117][0]         ;
; 15:1               ; 2 bits    ; 20 LEs        ; 4 LEs                ; 16 LEs                 ; Yes        ; |final|map[245][0]         ;
; 15:1               ; 2 bits    ; 20 LEs        ; 4 LEs                ; 16 LEs                 ; Yes        ; |final|map[13][0]          ;
; 15:1               ; 2 bits    ; 20 LEs        ; 4 LEs                ; 16 LEs                 ; Yes        ; |final|map[141][1]         ;
; 15:1               ; 2 bits    ; 20 LEs        ; 4 LEs                ; 16 LEs                 ; Yes        ; |final|map[77][1]          ;
; 15:1               ; 2 bits    ; 20 LEs        ; 4 LEs                ; 16 LEs                 ; Yes        ; |final|map[205][0]         ;
; 15:1               ; 2 bits    ; 20 LEs        ; 4 LEs                ; 16 LEs                 ; Yes        ; |final|map[45][0]          ;
; 15:1               ; 2 bits    ; 20 LEs        ; 4 LEs                ; 16 LEs                 ; Yes        ; |final|map[173][0]         ;
; 15:1               ; 2 bits    ; 20 LEs        ; 4 LEs                ; 16 LEs                 ; Yes        ; |final|map[109][0]         ;
; 15:1               ; 2 bits    ; 20 LEs        ; 4 LEs                ; 16 LEs                 ; Yes        ; |final|map[237][0]         ;
; 15:1               ; 2 bits    ; 20 LEs        ; 4 LEs                ; 16 LEs                 ; Yes        ; |final|map[29][1]          ;
; 15:1               ; 2 bits    ; 20 LEs        ; 4 LEs                ; 16 LEs                 ; Yes        ; |final|map[157][1]         ;
; 15:1               ; 2 bits    ; 20 LEs        ; 4 LEs                ; 16 LEs                 ; Yes        ; |final|map[93][1]          ;
; 15:1               ; 2 bits    ; 20 LEs        ; 4 LEs                ; 16 LEs                 ; Yes        ; |final|map[221][0]         ;
; 15:1               ; 2 bits    ; 20 LEs        ; 4 LEs                ; 16 LEs                 ; Yes        ; |final|map[61][1]          ;
; 15:1               ; 2 bits    ; 20 LEs        ; 4 LEs                ; 16 LEs                 ; Yes        ; |final|map[189][0]         ;
; 15:1               ; 2 bits    ; 20 LEs        ; 4 LEs                ; 16 LEs                 ; Yes        ; |final|map[125][0]         ;
; 15:1               ; 2 bits    ; 20 LEs        ; 4 LEs                ; 16 LEs                 ; Yes        ; |final|map[253][0]         ;
; 15:1               ; 2 bits    ; 20 LEs        ; 4 LEs                ; 16 LEs                 ; Yes        ; |final|map[3][1]           ;
; 15:1               ; 2 bits    ; 20 LEs        ; 4 LEs                ; 16 LEs                 ; Yes        ; |final|map[131][0]         ;
; 15:1               ; 2 bits    ; 20 LEs        ; 4 LEs                ; 16 LEs                 ; Yes        ; |final|map[67][0]          ;
; 15:1               ; 2 bits    ; 20 LEs        ; 4 LEs                ; 16 LEs                 ; Yes        ; |final|map[195][0]         ;
; 15:1               ; 2 bits    ; 20 LEs        ; 4 LEs                ; 16 LEs                 ; Yes        ; |final|map[35][1]          ;
; 15:1               ; 2 bits    ; 20 LEs        ; 4 LEs                ; 16 LEs                 ; Yes        ; |final|map[163][1]         ;
; 15:1               ; 2 bits    ; 20 LEs        ; 4 LEs                ; 16 LEs                 ; Yes        ; |final|map[99][0]          ;
; 15:1               ; 2 bits    ; 20 LEs        ; 4 LEs                ; 16 LEs                 ; Yes        ; |final|map[227][1]         ;
; 15:1               ; 2 bits    ; 20 LEs        ; 4 LEs                ; 16 LEs                 ; Yes        ; |final|map[19][1]          ;
; 15:1               ; 2 bits    ; 20 LEs        ; 4 LEs                ; 16 LEs                 ; Yes        ; |final|map[147][1]         ;
; 15:1               ; 2 bits    ; 20 LEs        ; 4 LEs                ; 16 LEs                 ; Yes        ; |final|map[83][0]          ;
; 15:1               ; 2 bits    ; 20 LEs        ; 4 LEs                ; 16 LEs                 ; Yes        ; |final|map[211][0]         ;
; 15:1               ; 2 bits    ; 20 LEs        ; 4 LEs                ; 16 LEs                 ; Yes        ; |final|map[51][0]          ;
; 15:1               ; 2 bits    ; 20 LEs        ; 4 LEs                ; 16 LEs                 ; Yes        ; |final|map[179][0]         ;
; 15:1               ; 2 bits    ; 20 LEs        ; 4 LEs                ; 16 LEs                 ; Yes        ; |final|map[115][0]         ;
; 15:1               ; 2 bits    ; 20 LEs        ; 4 LEs                ; 16 LEs                 ; Yes        ; |final|map[243][1]         ;
; 15:1               ; 2 bits    ; 20 LEs        ; 4 LEs                ; 16 LEs                 ; Yes        ; |final|map[11][0]          ;
; 15:1               ; 2 bits    ; 20 LEs        ; 4 LEs                ; 16 LEs                 ; Yes        ; |final|map[139][1]         ;
; 15:1               ; 2 bits    ; 20 LEs        ; 4 LEs                ; 16 LEs                 ; Yes        ; |final|map[75][1]          ;
; 15:1               ; 2 bits    ; 20 LEs        ; 4 LEs                ; 16 LEs                 ; Yes        ; |final|map[203][1]         ;
; 15:1               ; 2 bits    ; 20 LEs        ; 4 LEs                ; 16 LEs                 ; Yes        ; |final|map[43][1]          ;
; 15:1               ; 2 bits    ; 20 LEs        ; 4 LEs                ; 16 LEs                 ; Yes        ; |final|map[171][1]         ;
; 15:1               ; 2 bits    ; 20 LEs        ; 4 LEs                ; 16 LEs                 ; Yes        ; |final|map[107][1]         ;
; 15:1               ; 2 bits    ; 20 LEs        ; 4 LEs                ; 16 LEs                 ; Yes        ; |final|map[235][1]         ;
; 15:1               ; 2 bits    ; 20 LEs        ; 4 LEs                ; 16 LEs                 ; Yes        ; |final|map[27][1]          ;
; 15:1               ; 2 bits    ; 20 LEs        ; 4 LEs                ; 16 LEs                 ; Yes        ; |final|map[155][1]         ;
; 15:1               ; 2 bits    ; 20 LEs        ; 4 LEs                ; 16 LEs                 ; Yes        ; |final|map[91][0]          ;
; 15:1               ; 2 bits    ; 20 LEs        ; 4 LEs                ; 16 LEs                 ; Yes        ; |final|map[219][1]         ;
; 15:1               ; 2 bits    ; 20 LEs        ; 4 LEs                ; 16 LEs                 ; Yes        ; |final|map[59][1]          ;
; 15:1               ; 2 bits    ; 20 LEs        ; 4 LEs                ; 16 LEs                 ; Yes        ; |final|map[187][0]         ;
; 15:1               ; 2 bits    ; 20 LEs        ; 4 LEs                ; 16 LEs                 ; Yes        ; |final|map[123][1]         ;
; 15:1               ; 2 bits    ; 20 LEs        ; 4 LEs                ; 16 LEs                 ; Yes        ; |final|map[251][0]         ;
; 15:1               ; 2 bits    ; 20 LEs        ; 4 LEs                ; 16 LEs                 ; Yes        ; |final|map[7][1]           ;
; 15:1               ; 2 bits    ; 20 LEs        ; 4 LEs                ; 16 LEs                 ; Yes        ; |final|map[135][1]         ;
; 15:1               ; 2 bits    ; 20 LEs        ; 4 LEs                ; 16 LEs                 ; Yes        ; |final|map[71][1]          ;
; 15:1               ; 2 bits    ; 20 LEs        ; 4 LEs                ; 16 LEs                 ; Yes        ; |final|map[199][0]         ;
; 15:1               ; 2 bits    ; 20 LEs        ; 4 LEs                ; 16 LEs                 ; Yes        ; |final|map[39][0]          ;
; 15:1               ; 2 bits    ; 20 LEs        ; 4 LEs                ; 16 LEs                 ; Yes        ; |final|map[167][1]         ;
; 15:1               ; 2 bits    ; 20 LEs        ; 4 LEs                ; 16 LEs                 ; Yes        ; |final|map[103][0]         ;
; 15:1               ; 2 bits    ; 20 LEs        ; 4 LEs                ; 16 LEs                 ; Yes        ; |final|map[231][0]         ;
; 15:1               ; 2 bits    ; 20 LEs        ; 4 LEs                ; 16 LEs                 ; Yes        ; |final|map[23][0]          ;
; 15:1               ; 2 bits    ; 20 LEs        ; 4 LEs                ; 16 LEs                 ; Yes        ; |final|map[151][1]         ;
; 15:1               ; 2 bits    ; 20 LEs        ; 4 LEs                ; 16 LEs                 ; Yes        ; |final|map[87][1]          ;
; 15:1               ; 2 bits    ; 20 LEs        ; 4 LEs                ; 16 LEs                 ; Yes        ; |final|map[215][0]         ;
; 15:1               ; 2 bits    ; 20 LEs        ; 4 LEs                ; 16 LEs                 ; Yes        ; |final|map[55][0]          ;
; 15:1               ; 2 bits    ; 20 LEs        ; 4 LEs                ; 16 LEs                 ; Yes        ; |final|map[183][0]         ;
; 15:1               ; 2 bits    ; 20 LEs        ; 4 LEs                ; 16 LEs                 ; Yes        ; |final|map[119][0]         ;
; 15:1               ; 2 bits    ; 20 LEs        ; 4 LEs                ; 16 LEs                 ; Yes        ; |final|map[247][0]         ;
; 15:1               ; 2 bits    ; 20 LEs        ; 4 LEs                ; 16 LEs                 ; Yes        ; |final|map[15][1]          ;
; 15:1               ; 2 bits    ; 20 LEs        ; 4 LEs                ; 16 LEs                 ; Yes        ; |final|map[143][0]         ;
; 15:1               ; 2 bits    ; 20 LEs        ; 4 LEs                ; 16 LEs                 ; Yes        ; |final|map[79][1]          ;
; 15:1               ; 2 bits    ; 20 LEs        ; 4 LEs                ; 16 LEs                 ; Yes        ; |final|map[207][0]         ;
; 15:1               ; 2 bits    ; 20 LEs        ; 4 LEs                ; 16 LEs                 ; Yes        ; |final|map[47][1]          ;
; 15:1               ; 2 bits    ; 20 LEs        ; 4 LEs                ; 16 LEs                 ; Yes        ; |final|map[175][1]         ;
; 15:1               ; 2 bits    ; 20 LEs        ; 4 LEs                ; 16 LEs                 ; Yes        ; |final|map[111][0]         ;
; 15:1               ; 2 bits    ; 20 LEs        ; 4 LEs                ; 16 LEs                 ; Yes        ; |final|map[239][0]         ;
; 15:1               ; 2 bits    ; 20 LEs        ; 4 LEs                ; 16 LEs                 ; Yes        ; |final|map[31][1]          ;
; 15:1               ; 2 bits    ; 20 LEs        ; 4 LEs                ; 16 LEs                 ; Yes        ; |final|map[159][1]         ;
; 15:1               ; 2 bits    ; 20 LEs        ; 4 LEs                ; 16 LEs                 ; Yes        ; |final|map[95][0]          ;
; 15:1               ; 2 bits    ; 20 LEs        ; 4 LEs                ; 16 LEs                 ; Yes        ; |final|map[223][1]         ;
; 15:1               ; 2 bits    ; 20 LEs        ; 4 LEs                ; 16 LEs                 ; Yes        ; |final|map[63][1]          ;
; 15:1               ; 2 bits    ; 20 LEs        ; 4 LEs                ; 16 LEs                 ; Yes        ; |final|map[191][1]         ;
; 15:1               ; 2 bits    ; 20 LEs        ; 4 LEs                ; 16 LEs                 ; Yes        ; |final|map[127][1]         ;
; 15:1               ; 2 bits    ; 20 LEs        ; 4 LEs                ; 16 LEs                 ; Yes        ; |final|map[255][1]         ;
; 15:1               ; 2 bits    ; 20 LEs        ; 4 LEs                ; 16 LEs                 ; Yes        ; |final|map[2][1]           ;
; 15:1               ; 2 bits    ; 20 LEs        ; 4 LEs                ; 16 LEs                 ; Yes        ; |final|map[130][0]         ;
; 15:1               ; 2 bits    ; 20 LEs        ; 4 LEs                ; 16 LEs                 ; Yes        ; |final|map[66][1]          ;
; 15:1               ; 2 bits    ; 20 LEs        ; 4 LEs                ; 16 LEs                 ; Yes        ; |final|map[194][1]         ;
; 15:1               ; 2 bits    ; 20 LEs        ; 4 LEs                ; 16 LEs                 ; Yes        ; |final|map[34][1]          ;
; 15:1               ; 2 bits    ; 20 LEs        ; 4 LEs                ; 16 LEs                 ; Yes        ; |final|map[162][1]         ;
; 15:1               ; 2 bits    ; 20 LEs        ; 4 LEs                ; 16 LEs                 ; Yes        ; |final|map[98][0]          ;
; 15:1               ; 2 bits    ; 20 LEs        ; 4 LEs                ; 16 LEs                 ; Yes        ; |final|map[226][1]         ;
; 15:1               ; 2 bits    ; 20 LEs        ; 4 LEs                ; 16 LEs                 ; Yes        ; |final|map[18][0]          ;
; 15:1               ; 2 bits    ; 20 LEs        ; 4 LEs                ; 16 LEs                 ; Yes        ; |final|map[146][0]         ;
; 15:1               ; 2 bits    ; 20 LEs        ; 4 LEs                ; 16 LEs                 ; Yes        ; |final|map[82][1]          ;
; 15:1               ; 2 bits    ; 20 LEs        ; 4 LEs                ; 16 LEs                 ; Yes        ; |final|map[210][0]         ;
; 15:1               ; 2 bits    ; 20 LEs        ; 4 LEs                ; 16 LEs                 ; Yes        ; |final|map[50][1]          ;
; 15:1               ; 2 bits    ; 20 LEs        ; 4 LEs                ; 16 LEs                 ; Yes        ; |final|map[178][1]         ;
; 15:1               ; 2 bits    ; 20 LEs        ; 4 LEs                ; 16 LEs                 ; Yes        ; |final|map[114][0]         ;
; 15:1               ; 2 bits    ; 20 LEs        ; 4 LEs                ; 16 LEs                 ; Yes        ; |final|map[242][1]         ;
; 15:1               ; 2 bits    ; 20 LEs        ; 4 LEs                ; 16 LEs                 ; Yes        ; |final|map[10][0]          ;
; 15:1               ; 2 bits    ; 20 LEs        ; 4 LEs                ; 16 LEs                 ; Yes        ; |final|map[138][0]         ;
; 15:1               ; 2 bits    ; 20 LEs        ; 4 LEs                ; 16 LEs                 ; Yes        ; |final|map[74][0]          ;
; 15:1               ; 2 bits    ; 20 LEs        ; 4 LEs                ; 16 LEs                 ; Yes        ; |final|map[202][1]         ;
; 15:1               ; 2 bits    ; 20 LEs        ; 4 LEs                ; 16 LEs                 ; Yes        ; |final|map[42][1]          ;
; 15:1               ; 2 bits    ; 20 LEs        ; 4 LEs                ; 16 LEs                 ; Yes        ; |final|map[170][1]         ;
; 15:1               ; 2 bits    ; 20 LEs        ; 4 LEs                ; 16 LEs                 ; Yes        ; |final|map[106][0]         ;
; 15:1               ; 2 bits    ; 20 LEs        ; 4 LEs                ; 16 LEs                 ; Yes        ; |final|map[234][1]         ;
; 15:1               ; 2 bits    ; 20 LEs        ; 4 LEs                ; 16 LEs                 ; Yes        ; |final|map[26][0]          ;
; 15:1               ; 2 bits    ; 20 LEs        ; 4 LEs                ; 16 LEs                 ; Yes        ; |final|map[154][0]         ;
; 15:1               ; 2 bits    ; 20 LEs        ; 4 LEs                ; 16 LEs                 ; Yes        ; |final|map[90][0]          ;
; 15:1               ; 2 bits    ; 20 LEs        ; 4 LEs                ; 16 LEs                 ; Yes        ; |final|map[218][0]         ;
; 15:1               ; 2 bits    ; 20 LEs        ; 4 LEs                ; 16 LEs                 ; Yes        ; |final|map[58][0]          ;
; 15:1               ; 2 bits    ; 20 LEs        ; 4 LEs                ; 16 LEs                 ; Yes        ; |final|map[186][1]         ;
; 15:1               ; 2 bits    ; 20 LEs        ; 4 LEs                ; 16 LEs                 ; Yes        ; |final|map[122][1]         ;
; 15:1               ; 2 bits    ; 20 LEs        ; 4 LEs                ; 16 LEs                 ; Yes        ; |final|map[250][1]         ;
; 15:1               ; 2 bits    ; 20 LEs        ; 4 LEs                ; 16 LEs                 ; Yes        ; |final|map[6][1]           ;
; 15:1               ; 2 bits    ; 20 LEs        ; 4 LEs                ; 16 LEs                 ; Yes        ; |final|map[134][1]         ;
; 15:1               ; 2 bits    ; 20 LEs        ; 4 LEs                ; 16 LEs                 ; Yes        ; |final|map[70][0]          ;
; 15:1               ; 2 bits    ; 20 LEs        ; 4 LEs                ; 16 LEs                 ; Yes        ; |final|map[198][0]         ;
; 15:1               ; 2 bits    ; 20 LEs        ; 4 LEs                ; 16 LEs                 ; Yes        ; |final|map[38][0]          ;
; 15:1               ; 2 bits    ; 20 LEs        ; 4 LEs                ; 16 LEs                 ; Yes        ; |final|map[166][0]         ;
; 15:1               ; 2 bits    ; 20 LEs        ; 4 LEs                ; 16 LEs                 ; Yes        ; |final|map[102][0]         ;
; 15:1               ; 2 bits    ; 20 LEs        ; 4 LEs                ; 16 LEs                 ; Yes        ; |final|map[230][0]         ;
; 15:1               ; 2 bits    ; 20 LEs        ; 4 LEs                ; 16 LEs                 ; Yes        ; |final|map[22][1]          ;
; 15:1               ; 2 bits    ; 20 LEs        ; 4 LEs                ; 16 LEs                 ; Yes        ; |final|map[150][1]         ;
; 15:1               ; 2 bits    ; 20 LEs        ; 4 LEs                ; 16 LEs                 ; Yes        ; |final|map[86][1]          ;
; 15:1               ; 2 bits    ; 20 LEs        ; 4 LEs                ; 16 LEs                 ; Yes        ; |final|map[214][0]         ;
; 15:1               ; 2 bits    ; 20 LEs        ; 4 LEs                ; 16 LEs                 ; Yes        ; |final|map[54][1]          ;
; 15:1               ; 2 bits    ; 20 LEs        ; 4 LEs                ; 16 LEs                 ; Yes        ; |final|map[182][0]         ;
; 15:1               ; 2 bits    ; 20 LEs        ; 4 LEs                ; 16 LEs                 ; Yes        ; |final|map[118][1]         ;
; 15:1               ; 2 bits    ; 20 LEs        ; 4 LEs                ; 16 LEs                 ; Yes        ; |final|map[246][1]         ;
; 15:1               ; 2 bits    ; 20 LEs        ; 4 LEs                ; 16 LEs                 ; Yes        ; |final|map[14][0]          ;
; 15:1               ; 2 bits    ; 20 LEs        ; 4 LEs                ; 16 LEs                 ; Yes        ; |final|map[142][1]         ;
; 15:1               ; 2 bits    ; 20 LEs        ; 4 LEs                ; 16 LEs                 ; Yes        ; |final|map[78][1]          ;
; 15:1               ; 2 bits    ; 20 LEs        ; 4 LEs                ; 16 LEs                 ; Yes        ; |final|map[206][0]         ;
; 15:1               ; 2 bits    ; 20 LEs        ; 4 LEs                ; 16 LEs                 ; Yes        ; |final|map[46][0]          ;
; 15:1               ; 2 bits    ; 20 LEs        ; 4 LEs                ; 16 LEs                 ; Yes        ; |final|map[174][1]         ;
; 15:1               ; 2 bits    ; 20 LEs        ; 4 LEs                ; 16 LEs                 ; Yes        ; |final|map[110][0]         ;
; 15:1               ; 2 bits    ; 20 LEs        ; 4 LEs                ; 16 LEs                 ; Yes        ; |final|map[238][1]         ;
; 15:1               ; 2 bits    ; 20 LEs        ; 4 LEs                ; 16 LEs                 ; Yes        ; |final|map[30][1]          ;
; 15:1               ; 2 bits    ; 20 LEs        ; 4 LEs                ; 16 LEs                 ; Yes        ; |final|map[158][0]         ;
; 15:1               ; 2 bits    ; 20 LEs        ; 4 LEs                ; 16 LEs                 ; Yes        ; |final|map[94][0]          ;
; 15:1               ; 2 bits    ; 20 LEs        ; 4 LEs                ; 16 LEs                 ; Yes        ; |final|map[222][1]         ;
; 15:1               ; 2 bits    ; 20 LEs        ; 4 LEs                ; 16 LEs                 ; Yes        ; |final|map[62][1]          ;
; 15:1               ; 2 bits    ; 20 LEs        ; 4 LEs                ; 16 LEs                 ; Yes        ; |final|map[190][1]         ;
; 15:1               ; 2 bits    ; 20 LEs        ; 4 LEs                ; 16 LEs                 ; Yes        ; |final|map[126][1]         ;
; 15:1               ; 2 bits    ; 20 LEs        ; 4 LEs                ; 16 LEs                 ; Yes        ; |final|map[254][1]         ;
; 15:1               ; 2 bits    ; 20 LEs        ; 4 LEs                ; 16 LEs                 ; Yes        ; |final|map[4][0]           ;
; 15:1               ; 2 bits    ; 20 LEs        ; 4 LEs                ; 16 LEs                 ; Yes        ; |final|map[132][0]         ;
; 15:1               ; 2 bits    ; 20 LEs        ; 4 LEs                ; 16 LEs                 ; Yes        ; |final|map[68][0]          ;
; 15:1               ; 2 bits    ; 20 LEs        ; 4 LEs                ; 16 LEs                 ; Yes        ; |final|map[196][0]         ;
; 15:1               ; 2 bits    ; 20 LEs        ; 4 LEs                ; 16 LEs                 ; Yes        ; |final|map[36][1]          ;
; 15:1               ; 2 bits    ; 20 LEs        ; 4 LEs                ; 16 LEs                 ; Yes        ; |final|map[164][0]         ;
; 15:1               ; 2 bits    ; 20 LEs        ; 4 LEs                ; 16 LEs                 ; Yes        ; |final|map[100][1]         ;
; 15:1               ; 2 bits    ; 20 LEs        ; 4 LEs                ; 16 LEs                 ; Yes        ; |final|map[228][1]         ;
; 15:1               ; 2 bits    ; 20 LEs        ; 4 LEs                ; 16 LEs                 ; Yes        ; |final|map[20][1]          ;
; 15:1               ; 2 bits    ; 20 LEs        ; 4 LEs                ; 16 LEs                 ; Yes        ; |final|map[148][1]         ;
; 15:1               ; 2 bits    ; 20 LEs        ; 4 LEs                ; 16 LEs                 ; Yes        ; |final|map[84][1]          ;
; 15:1               ; 2 bits    ; 20 LEs        ; 4 LEs                ; 16 LEs                 ; Yes        ; |final|map[212][0]         ;
; 15:1               ; 2 bits    ; 20 LEs        ; 4 LEs                ; 16 LEs                 ; Yes        ; |final|map[52][0]          ;
; 15:1               ; 2 bits    ; 20 LEs        ; 4 LEs                ; 16 LEs                 ; Yes        ; |final|map[180][1]         ;
; 15:1               ; 2 bits    ; 20 LEs        ; 4 LEs                ; 16 LEs                 ; Yes        ; |final|map[116][1]         ;
; 15:1               ; 2 bits    ; 20 LEs        ; 4 LEs                ; 16 LEs                 ; Yes        ; |final|map[244][0]         ;
; 15:1               ; 2 bits    ; 20 LEs        ; 4 LEs                ; 16 LEs                 ; Yes        ; |final|map[12][1]          ;
; 15:1               ; 2 bits    ; 20 LEs        ; 4 LEs                ; 16 LEs                 ; Yes        ; |final|map[140][0]         ;
; 15:1               ; 2 bits    ; 20 LEs        ; 4 LEs                ; 16 LEs                 ; Yes        ; |final|map[76][0]          ;
; 15:1               ; 2 bits    ; 20 LEs        ; 4 LEs                ; 16 LEs                 ; Yes        ; |final|map[204][0]         ;
; 15:1               ; 2 bits    ; 20 LEs        ; 4 LEs                ; 16 LEs                 ; Yes        ; |final|map[44][0]          ;
; 15:1               ; 2 bits    ; 20 LEs        ; 4 LEs                ; 16 LEs                 ; Yes        ; |final|map[172][1]         ;
; 15:1               ; 2 bits    ; 20 LEs        ; 4 LEs                ; 16 LEs                 ; Yes        ; |final|map[108][1]         ;
; 15:1               ; 2 bits    ; 20 LEs        ; 4 LEs                ; 16 LEs                 ; Yes        ; |final|map[236][0]         ;
; 15:1               ; 2 bits    ; 20 LEs        ; 4 LEs                ; 16 LEs                 ; Yes        ; |final|map[28][0]          ;
; 15:1               ; 2 bits    ; 20 LEs        ; 4 LEs                ; 16 LEs                 ; Yes        ; |final|map[156][0]         ;
; 15:1               ; 2 bits    ; 20 LEs        ; 4 LEs                ; 16 LEs                 ; Yes        ; |final|map[92][1]          ;
; 15:1               ; 2 bits    ; 20 LEs        ; 4 LEs                ; 16 LEs                 ; Yes        ; |final|map[220][0]         ;
; 15:1               ; 2 bits    ; 20 LEs        ; 4 LEs                ; 16 LEs                 ; Yes        ; |final|map[60][0]          ;
; 15:1               ; 2 bits    ; 20 LEs        ; 4 LEs                ; 16 LEs                 ; Yes        ; |final|map[188][0]         ;
; 15:1               ; 2 bits    ; 20 LEs        ; 4 LEs                ; 16 LEs                 ; Yes        ; |final|map[124][1]         ;
; 15:1               ; 2 bits    ; 20 LEs        ; 4 LEs                ; 16 LEs                 ; Yes        ; |final|map[252][0]         ;
; 15:1               ; 2 bits    ; 20 LEs        ; 4 LEs                ; 16 LEs                 ; Yes        ; |final|map[8][0]           ;
; 15:1               ; 2 bits    ; 20 LEs        ; 4 LEs                ; 16 LEs                 ; Yes        ; |final|map[136][0]         ;
; 15:1               ; 2 bits    ; 20 LEs        ; 4 LEs                ; 16 LEs                 ; Yes        ; |final|map[72][0]          ;
; 15:1               ; 2 bits    ; 20 LEs        ; 4 LEs                ; 16 LEs                 ; Yes        ; |final|map[200][0]         ;
; 15:1               ; 2 bits    ; 20 LEs        ; 4 LEs                ; 16 LEs                 ; Yes        ; |final|map[40][0]          ;
; 15:1               ; 2 bits    ; 20 LEs        ; 4 LEs                ; 16 LEs                 ; Yes        ; |final|map[168][1]         ;
; 15:1               ; 2 bits    ; 20 LEs        ; 4 LEs                ; 16 LEs                 ; Yes        ; |final|map[104][1]         ;
; 15:1               ; 2 bits    ; 20 LEs        ; 4 LEs                ; 16 LEs                 ; Yes        ; |final|map[232][1]         ;
; 15:1               ; 2 bits    ; 20 LEs        ; 4 LEs                ; 16 LEs                 ; Yes        ; |final|map[24][0]          ;
; 15:1               ; 2 bits    ; 20 LEs        ; 4 LEs                ; 16 LEs                 ; Yes        ; |final|map[152][0]         ;
; 15:1               ; 2 bits    ; 20 LEs        ; 4 LEs                ; 16 LEs                 ; Yes        ; |final|map[88][1]          ;
; 15:1               ; 2 bits    ; 20 LEs        ; 4 LEs                ; 16 LEs                 ; Yes        ; |final|map[216][0]         ;
; 15:1               ; 2 bits    ; 20 LEs        ; 4 LEs                ; 16 LEs                 ; Yes        ; |final|map[56][0]          ;
; 15:1               ; 2 bits    ; 20 LEs        ; 4 LEs                ; 16 LEs                 ; Yes        ; |final|map[184][1]         ;
; 15:1               ; 2 bits    ; 20 LEs        ; 4 LEs                ; 16 LEs                 ; Yes        ; |final|map[120][0]         ;
; 15:1               ; 2 bits    ; 20 LEs        ; 4 LEs                ; 16 LEs                 ; Yes        ; |final|map[248][1]         ;
; 15:1               ; 2 bits    ; 20 LEs        ; 4 LEs                ; 16 LEs                 ; Yes        ; |final|map[16][0]          ;
; 15:1               ; 2 bits    ; 20 LEs        ; 4 LEs                ; 16 LEs                 ; Yes        ; |final|map[144][1]         ;
; 15:1               ; 2 bits    ; 20 LEs        ; 4 LEs                ; 16 LEs                 ; Yes        ; |final|map[80][1]          ;
; 15:1               ; 2 bits    ; 20 LEs        ; 4 LEs                ; 16 LEs                 ; Yes        ; |final|map[208][0]         ;
; 15:1               ; 2 bits    ; 20 LEs        ; 4 LEs                ; 16 LEs                 ; Yes        ; |final|map[48][1]          ;
; 15:1               ; 2 bits    ; 20 LEs        ; 4 LEs                ; 16 LEs                 ; Yes        ; |final|map[176][1]         ;
; 15:1               ; 2 bits    ; 20 LEs        ; 4 LEs                ; 16 LEs                 ; Yes        ; |final|map[112][0]         ;
; 15:1               ; 2 bits    ; 20 LEs        ; 4 LEs                ; 16 LEs                 ; Yes        ; |final|map[240][1]         ;
; 15:1               ; 2 bits    ; 20 LEs        ; 4 LEs                ; 16 LEs                 ; Yes        ; |final|map[32][0]          ;
; 15:1               ; 2 bits    ; 20 LEs        ; 4 LEs                ; 16 LEs                 ; Yes        ; |final|map[160][1]         ;
; 15:1               ; 2 bits    ; 20 LEs        ; 4 LEs                ; 16 LEs                 ; Yes        ; |final|map[96][0]          ;
; 15:1               ; 2 bits    ; 20 LEs        ; 4 LEs                ; 16 LEs                 ; Yes        ; |final|map[224][1]         ;
; 15:1               ; 2 bits    ; 20 LEs        ; 4 LEs                ; 16 LEs                 ; Yes        ; |final|map[64][0]          ;
; 15:1               ; 2 bits    ; 20 LEs        ; 4 LEs                ; 16 LEs                 ; Yes        ; |final|map[192][0]         ;
; 15:1               ; 2 bits    ; 20 LEs        ; 4 LEs                ; 16 LEs                 ; Yes        ; |final|map[128][0]         ;
; 15:1               ; 2 bits    ; 20 LEs        ; 4 LEs                ; 16 LEs                 ; Yes        ; |final|map[0][0]           ;
; 4:1                ; 5 bits    ; 10 LEs        ; 10 LEs               ; 0 LEs                  ; No         ; |final|snake_next_head[0]  ;
; 4:1                ; 3 bits    ; 6 LEs         ; 6 LEs                ; 0 LEs                  ; No         ; |final|snake_next_head[7]  ;
; 16:1               ; 32 bits   ; 320 LEs       ; 320 LEs              ; 0 LEs                  ; No         ; |final|Mux27               ;
; 11:1               ; 8 bits    ; 56 LEs        ; 56 LEs               ; 0 LEs                  ; No         ; |final|Mux7                ;
; 11:1               ; 8 bits    ; 56 LEs        ; 56 LEs               ; 0 LEs                  ; No         ; |final|Mux60               ;
; 7:1                ; 4 bits    ; 16 LEs        ; 16 LEs               ; 0 LEs                  ; No         ; |final|snake_direction~20  ;
; 256:1              ; 2 bits    ; 340 LEs       ; 340 LEs              ; 0 LEs                  ; No         ; |final|Mux58               ;
; 256:1              ; 2 bits    ; 340 LEs       ; 340 LEs              ; 0 LEs                  ; No         ; |final|Mux57               ;
; 9:1                ; 2 bits    ; 12 LEs        ; 4 LEs                ; 8 LEs                  ; No         ; |final|state~29            ;
+--------------------+-----------+---------------+----------------------+------------------------+------------+----------------------------+


+-----------------------------------------------------------------------+
; Parameter Settings for User Entity Instance: Top-level Entity: |final ;
+----------------------+----------+-------------------------------------+
; Parameter Name       ; Value    ; Type                                ;
+----------------------+----------+-------------------------------------+
; i_hide_cursor        ; 11111100 ; Unsigned Binary                     ;
; i_show_cursor        ; 11111101 ; Unsigned Binary                     ;
; i_show_cursor_flash  ; 11111111 ; Unsigned Binary                     ;
; i_flash_character    ; 11111011 ; Unsigned Binary                     ;
; i_invert_character   ; 11110111 ; Unsigned Binary                     ;
; i_default_character  ; 11101111 ; Unsigned Binary                     ;
; s_reset              ; 0        ; Signed Integer                      ;
; s_refresh_led_matrix ; 1        ; Signed Integer                      ;
; s_update_snake       ; 2        ; Signed Integer                      ;
; s_update_snake_loop  ; 3        ; Signed Integer                      ;
; s_update_map         ; 4        ; Signed Integer                      ;
; s_generate_food      ; 5        ; Signed Integer                      ;
; s_generate_food_loop ; 6        ; Signed Integer                      ;
; s_game_over          ; 7        ; Signed Integer                      ;
; win_score            ; 10       ; Signed Integer                      ;
; counter_size         ; 11       ; Signed Integer                      ;
; m_empty              ; 0        ; Signed Integer                      ;
; m_snake              ; 1        ; Signed Integer                      ;
; m_food               ; 2        ; Signed Integer                      ;
; d_up                 ; 0        ; Signed Integer                      ;
; d_down               ; 1        ; Signed Integer                      ;
; d_left               ; 2        ; Signed Integer                      ;
; d_right              ; 3        ; Signed Integer                      ;
+----------------------+----------+-------------------------------------+
Note: In order to hide this table in the UI and the text report file, please set the "Show Parameter Settings Tables in Synthesis Report" option in "Analysis and Synthesis Settings -> More Settings" to "Off".


+------------------------------------------------------------------+
; Parameter Settings for Inferred Entity Instance: lpm_divide:Div0 ;
+------------------------+----------------+------------------------+
; Parameter Name         ; Value          ; Type                   ;
+------------------------+----------------+------------------------+
; LPM_WIDTHN             ; 8              ; Untyped                ;
; LPM_WIDTHD             ; 4              ; Untyped                ;
; LPM_NREPRESENTATION    ; UNSIGNED       ; Untyped                ;
; LPM_DREPRESENTATION    ; UNSIGNED       ; Untyped                ;
; LPM_PIPELINE           ; 0              ; Untyped                ;
; LPM_REMAINDERPOSITIVE  ; TRUE           ; Untyped                ;
; MAXIMIZE_SPEED         ; 5              ; Untyped                ;
; CBXI_PARAMETER         ; lpm_divide_f5m ; Untyped                ;
; CARRY_CHAIN            ; MANUAL         ; Untyped                ;
; OPTIMIZE_FOR_SPEED     ; 5              ; Untyped                ;
; AUTO_CARRY_CHAINS      ; ON             ; AUTO_CARRY             ;
; IGNORE_CARRY_BUFFERS   ; OFF            ; IGNORE_CARRY           ;
; AUTO_CASCADE_CHAINS    ; ON             ; AUTO_CASCADE           ;
; IGNORE_CASCADE_BUFFERS ; OFF            ; IGNORE_CASCADE         ;
+------------------------+----------------+------------------------+
Note: In order to hide this table in the UI and the text report file, please set the "Show Parameter Settings Tables in Synthesis Report" option in "Analysis and Synthesis Settings -> More Settings" to "Off".


+------------------------------------------------------------------+
; Parameter Settings for Inferred Entity Instance: lpm_divide:Mod0 ;
+------------------------+----------------+------------------------+
; Parameter Name         ; Value          ; Type                   ;
+------------------------+----------------+------------------------+
; LPM_WIDTHN             ; 8              ; Untyped                ;
; LPM_WIDTHD             ; 4              ; Untyped                ;
; LPM_NREPRESENTATION    ; UNSIGNED       ; Untyped                ;
; LPM_DREPRESENTATION    ; UNSIGNED       ; Untyped                ;
; LPM_PIPELINE           ; 0              ; Untyped                ;
; LPM_REMAINDERPOSITIVE  ; TRUE           ; Untyped                ;
; MAXIMIZE_SPEED         ; 5              ; Untyped                ;
; CBXI_PARAMETER         ; lpm_divide_itl ; Untyped                ;
; CARRY_CHAIN            ; MANUAL         ; Untyped                ;
; OPTIMIZE_FOR_SPEED     ; 5              ; Untyped                ;
; AUTO_CARRY_CHAINS      ; ON             ; AUTO_CARRY             ;
; IGNORE_CARRY_BUFFERS   ; OFF            ; IGNORE_CARRY           ;
; AUTO_CASCADE_CHAINS    ; ON             ; AUTO_CASCADE           ;
; IGNORE_CASCADE_BUFFERS ; OFF            ; IGNORE_CASCADE         ;
+------------------------+----------------+------------------------+
Note: In order to hide this table in the UI and the text report file, please set the "Show Parameter Settings Tables in Synthesis Report" option in "Analysis and Synthesis Settings -> More Settings" to "Off".


+------------------------------------------------------------------+
; Parameter Settings for Inferred Entity Instance: lpm_divide:Mod1 ;
+------------------------+----------------+------------------------+
; Parameter Name         ; Value          ; Type                   ;
+------------------------+----------------+------------------------+
; LPM_WIDTHN             ; 8              ; Untyped                ;
; LPM_WIDTHD             ; 9              ; Untyped                ;
; LPM_NREPRESENTATION    ; UNSIGNED       ; Untyped                ;
; LPM_DREPRESENTATION    ; UNSIGNED       ; Untyped                ;
; LPM_PIPELINE           ; 0              ; Untyped                ;
; LPM_REMAINDERPOSITIVE  ; TRUE           ; Untyped                ;
; MAXIMIZE_SPEED         ; 5              ; Untyped                ;
; CBXI_PARAMETER         ; lpm_divide_ntl ; Untyped                ;
; CARRY_CHAIN            ; MANUAL         ; Untyped                ;
; OPTIMIZE_FOR_SPEED     ; 5              ; Untyped                ;
; AUTO_CARRY_CHAINS      ; ON             ; AUTO_CARRY             ;
; IGNORE_CARRY_BUFFERS   ; OFF            ; IGNORE_CARRY           ;
; AUTO_CASCADE_CHAINS    ; ON             ; AUTO_CASCADE           ;
; IGNORE_CASCADE_BUFFERS ; OFF            ; IGNORE_CASCADE         ;
+------------------------+----------------+------------------------+
Note: In order to hide this table in the UI and the text report file, please set the "Show Parameter Settings Tables in Synthesis Report" option in "Analysis and Synthesis Settings -> More Settings" to "Off".


+--------------------------------------------------------------------------------------------------------------------------------------------------------------------------------------------------------------+
; Port Connectivity Checks: "bcd_to_7segment:comb_170"                                                                                                                                                         ;
+------+-------+----------+------------------------------------------------------------------------------------------------------------------------------------------------------------------------------------+
; Port ; Type  ; Severity ; Details                                                                                                                                                                            ;
+------+-------+----------+------------------------------------------------------------------------------------------------------------------------------------------------------------------------------------+
; in   ; Input ; Warning  ; Input port expression (32 bits) is wider than the input port (4 bits) it drives.  The 28 most-significant bit(s) in the expression will be dangling if they have no other fanouts. ;
+------+-------+----------+------------------------------------------------------------------------------------------------------------------------------------------------------------------------------------+


+--------------------------------------------------------------------------------------------------------------------------------------------------------------------------------------------------------------+
; Port Connectivity Checks: "bcd_to_7segment:comb_144"                                                                                                                                                         ;
+------+-------+----------+------------------------------------------------------------------------------------------------------------------------------------------------------------------------------------+
; Port ; Type  ; Severity ; Details                                                                                                                                                                            ;
+------+-------+----------+------------------------------------------------------------------------------------------------------------------------------------------------------------------------------------+
; in   ; Input ; Warning  ; Input port expression (32 bits) is wider than the input port (4 bits) it drives.  The 28 most-significant bit(s) in the expression will be dangling if they have no other fanouts. ;
+------+-------+----------+------------------------------------------------------------------------------------------------------------------------------------------------------------------------------------+


+-------------------------------+
; Analysis & Synthesis Messages ;
+-------------------------------+
Info: *******************************************************************
Info: Running Quartus II Analysis & Synthesis
    Info: Version 9.0 Build 132 02/25/2009 SJ Web Edition
    Info: Processing started: Mon Dec 02 16:15:38 2024
Info: Command: quartus_map --read_settings_files=on --write_settings_files=off final -c final
Info: Found 2 design units, including 2 entities, in source file final.v
    Info: Found entity 1: final
    Info: Found entity 2: bcd_to_7segment
Critical Warning (10846): Verilog HDL Instantiation warning at final.v(85): instance has no name
Critical Warning (10846): Verilog HDL Instantiation warning at final.v(86): instance has no name
Info: Elaborating entity "final" for the top level hierarchy
Warning (10036): Verilog HDL or VHDL warning at final.v(52): object "food" assigned a value but never read
Warning (10230): Verilog HDL assignment warning at final.v(63): truncated value with size 32 to match size of target (8)
Warning (10230): Verilog HDL assignment warning at final.v(64): truncated value with size 32 to match size of target (8)
Warning (10230): Verilog HDL assignment warning at final.v(65): truncated value with size 32 to match size of target (8)
Warning (10230): Verilog HDL assignment warning at final.v(66): truncated value with size 32 to match size of target (8)
Warning (10230): Verilog HDL assignment warning at final.v(97): truncated value with size 32 to match size of target (8)
Warning (10230): Verilog HDL assignment warning at final.v(103): truncated value with size 32 to match size of target (8)
Warning (10230): Verilog HDL assignment warning at final.v(104): truncated value with size 32 to match size of target (2)
Warning (10230): Verilog HDL assignment warning at final.v(115): truncated value with size 32 to match size of target (8)
Warning (10230): Verilog HDL assignment warning at final.v(122): truncated value with size 32 to match size of target (11)
Warning (10230): Verilog HDL assignment warning at final.v(146): truncated value with size 32 to match size of target (8)
Warning (10230): Verilog HDL assignment warning at final.v(151): truncated value with size 32 to match size of target (2)
Warning (10230): Verilog HDL assignment warning at final.v(159): truncated value with size 32 to match size of target (8)
Warning (10230): Verilog HDL assignment warning at final.v(165): truncated value with size 32 to match size of target (8)
Warning (10230): Verilog HDL assignment warning at final.v(166): truncated value with size 32 to match size of target (8)
Warning (10230): Verilog HDL assignment warning at final.v(170): truncated value with size 32 to match size of target (2)
Warning (10230): Verilog HDL assignment warning at final.v(176): truncated value with size 32 to match size of target (8)
Warning (10230): Verilog HDL assignment warning at final.v(183): truncated value with size 32 to match size of target (8)
Warning (10230): Verilog HDL assignment warning at final.v(187): truncated value with size 32 to match size of target (2)
Warning (10230): Verilog HDL assignment warning at final.v(193): truncated value with size 32 to match size of target (11)
Info: Elaborating entity "bcd_to_7segment" for hierarchy "bcd_to_7segment:comb_144"
Warning (10270): Verilog HDL Case Statement warning at final.v(206): incomplete case statement has no default case item
Warning (10240): Verilog HDL Always Construct warning at final.v(205): inferring latch(es) for variable "out", which holds its previous value in one or more paths through the always construct
Info (10041): Inferred latch for "out[7]" at final.v(205)
Info (10041): Inferred latch for "out[6]" at final.v(205)
Info (10041): Inferred latch for "out[5]" at final.v(205)
Info (10041): Inferred latch for "out[4]" at final.v(205)
Info (10041): Inferred latch for "out[3]" at final.v(205)
Info (10041): Inferred latch for "out[2]" at final.v(205)
Info (10041): Inferred latch for "out[1]" at final.v(205)
Info (10041): Inferred latch for "out[0]" at final.v(205)
Info: Inferred 3 megafunctions from design logic
    Info: Inferred divider/modulo megafunction ("lpm_divide") from the following logic: "Div0"
    Info: Inferred divider/modulo megafunction ("lpm_divide") from the following logic: "Mod0"
    Info: Inferred divider/modulo megafunction ("lpm_divide") from the following logic: "Mod1"
Info: Elaborated megafunction instantiation "lpm_divide:Div0"
Info: Instantiated megafunction "lpm_divide:Div0" with the following parameter:
    Info: Parameter "LPM_WIDTHN" = "8"
    Info: Parameter "LPM_WIDTHD" = "4"
    Info: Parameter "LPM_NREPRESENTATION" = "UNSIGNED"
    Info: Parameter "LPM_DREPRESENTATION" = "UNSIGNED"
Info: Found 1 design units, including 1 entities, in source file db/lpm_divide_f5m.tdf
    Info: Found entity 1: lpm_divide_f5m
Info: Found 1 design units, including 1 entities, in source file db/sign_div_unsign_bkh.tdf
    Info: Found entity 1: sign_div_unsign_bkh
Info: Found 1 design units, including 1 entities, in source file db/alt_u_div_6oe.tdf
    Info: Found entity 1: alt_u_div_6oe
Info: Found 1 design units, including 1 entities, in source file db/add_sub_3dc.tdf
    Info: Found entity 1: add_sub_3dc
Info: Found 1 design units, including 1 entities, in source file db/add_sub_4dc.tdf
    Info: Found entity 1: add_sub_4dc
Info: Found 1 design units, including 1 entities, in source file db/add_sub_5dc.tdf
    Info: Found entity 1: add_sub_5dc
Info: Found 1 design units, including 1 entities, in source file db/add_sub_6dc.tdf
    Info: Found entity 1: add_sub_6dc
Info: Found 1 design units, including 1 entities, in source file db/add_sub_7dc.tdf
    Info: Found entity 1: add_sub_7dc
Info: Elaborated megafunction instantiation "lpm_divide:Mod0"
Info: Instantiated megafunction "lpm_divide:Mod0" with the following parameter:
    Info: Parameter "LPM_WIDTHN" = "8"
    Info: Parameter "LPM_WIDTHD" = "4"
    Info: Parameter "LPM_NREPRESENTATION" = "UNSIGNED"
    Info: Parameter "LPM_DREPRESENTATION" = "UNSIGNED"
Info: Found 1 design units, including 1 entities, in source file db/lpm_divide_itl.tdf
    Info: Found entity 1: lpm_divide_itl
Info: Elaborated megafunction instantiation "lpm_divide:Mod1"
Info: Instantiated megafunction "lpm_divide:Mod1" with the following parameter:
    Info: Parameter "LPM_WIDTHN" = "8"
    Info: Parameter "LPM_WIDTHD" = "9"
    Info: Parameter "LPM_NREPRESENTATION" = "UNSIGNED"
    Info: Parameter "LPM_DREPRESENTATION" = "UNSIGNED"
Info: Found 1 design units, including 1 entities, in source file db/lpm_divide_ntl.tdf
    Info: Found entity 1: lpm_divide_ntl
Info: Found 1 design units, including 1 entities, in source file db/sign_div_unsign_hkh.tdf
    Info: Found entity 1: sign_div_unsign_hkh
Info: Found 1 design units, including 1 entities, in source file db/alt_u_div_61f.tdf
    Info: Found entity 1: alt_u_div_61f
Warning: 2 hierarchies have connectivity warnings - see the Connectivity Checks report folder
Warning: Latch bcd_to_7segment:comb_144|out[6] has unsafe behavior
    Warning: Ports D and ENA on the latch are fed by the same signal lpm_divide:Div0|lpm_divide_f5m:auto_generated|sign_div_unsign_bkh:divider|alt_u_div_6oe:divider|add_sub_7dc:add_sub_6|add_sub_cella[2]~synth
Warning: Latch bcd_to_7segment:comb_144|out[5] has unsafe behavior
    Warning: Ports D and ENA on the latch are fed by the same signal lpm_divide:Div0|lpm_divide_f5m:auto_generated|sign_div_unsign_bkh:divider|alt_u_div_6oe:divider|add_sub_7dc:add_sub_6|add_sub_cella[2]~synth
Warning: Latch bcd_to_7segment:comb_144|out[4] has unsafe behavior
    Warning: Ports D and ENA on the latch are fed by the same signal lpm_divide:Div0|lpm_divide_f5m:auto_generated|sign_div_unsign_bkh:divider|alt_u_div_6oe:divider|add_sub_7dc:add_sub_6|add_sub_cella[2]~synth
Warning: Latch bcd_to_7segment:comb_144|out[3] has unsafe behavior
    Warning: Ports D and ENA on the latch are fed by the same signal lpm_divide:Div0|lpm_divide_f5m:auto_generated|sign_div_unsign_bkh:divider|alt_u_div_6oe:divider|add_sub_7dc:add_sub_6|add_sub_cella[2]~synth
Warning: Latch bcd_to_7segment:comb_144|out[2] has unsafe behavior
    Warning: Ports D and ENA on the latch are fed by the same signal lpm_divide:Div0|lpm_divide_f5m:auto_generated|sign_div_unsign_bkh:divider|alt_u_div_6oe:divider|add_sub_7dc:add_sub_6|add_sub_cella[2]~synth
Warning: Latch bcd_to_7segment:comb_144|out[1] has unsafe behavior
    Warning: Ports D and ENA on the latch are fed by the same signal lpm_divide:Div0|lpm_divide_f5m:auto_generated|sign_div_unsign_bkh:divider|alt_u_div_6oe:divider|add_sub_7dc:add_sub_5|add_sub_cella[2]~synth
Warning: Latch bcd_to_7segment:comb_144|out[0] has unsafe behavior
    Warning: Ports D and ENA on the latch are fed by the same signal lpm_divide:Div0|lpm_divide_f5m:auto_generated|sign_div_unsign_bkh:divider|alt_u_div_6oe:divider|add_sub_7dc:add_sub_6|add_sub_cella[2]~synth
Warning: Latch bcd_to_7segment:comb_170|out[6] has unsafe behavior
    Warning: Ports D and ENA on the latch are fed by the same signal snake_length[1]
Warning: Latch bcd_to_7segment:comb_170|out[5] has unsafe behavior
    Warning: Ports D and ENA on the latch are fed by the same signal snake_length[1]
Warning: Latch bcd_to_7segment:comb_170|out[4] has unsafe behavior
    Warning: Ports D and ENA on the latch are fed by the same signal snake_length[1]
Warning: Latch bcd_to_7segment:comb_170|out[3] has unsafe behavior
    Warning: Ports D and ENA on the latch are fed by the same signal snake_length[1]
Warning: Latch bcd_to_7segment:comb_170|out[2] has unsafe behavior
    Warning: Ports D and ENA on the latch are fed by the same signal snake_length[1]
Warning: Latch bcd_to_7segment:comb_170|out[1] has unsafe behavior
    Warning: Ports D and ENA on the latch are fed by the same signal snake_length[2]
Warning: Latch bcd_to_7segment:comb_170|out[0] has unsafe behavior
    Warning: Ports D and ENA on the latch are fed by the same signal snake_length[1]
Warning: Output pins are stuck at VCC or GND
    Warning (13410): Pin "seven_segment_tens[7]" is stuck at GND
    Warning (13410): Pin "seven_segment_units[7]" is stuck at GND
Info: 5 registers lost all their fanouts during netlist optimizations. The first 5 are displayed below.
    Info: Register "state~41" lost all its fanouts during netlist optimizations.
    Info: Register "state~42" lost all its fanouts during netlist optimizations.
    Info: Register "state~43" lost all its fanouts during netlist optimizations.
    Info: Register "snake_direction~37" lost all its fanouts during netlist optimizations.
    Info: Register "snake_direction~38" lost all its fanouts during netlist optimizations.
Info: Generated suppressed messages file C:/altera/90/quartus/final/final.map.smsg
Info: Implemented 3256 device resources after synthesis - the final resource count might be different
    Info: Implemented 6 input pins
    Info: Implemented 48 output pins
    Info: Implemented 3202 logic cells
Info: Quartus II Analysis & Synthesis was successful. 0 errors, 56 warnings
    Info: Peak virtual memory: 184 megabytes
    Info: Processing ended: Mon Dec 02 16:15:53 2024
    Info: Elapsed time: 00:00:15
    Info: Total CPU time (on all processors): 00:00:15


+------------------------------------------+
; Analysis & Synthesis Suppressed Messages ;
+------------------------------------------+
The suppressed messages can be found in C:/altera/90/quartus/final/final.map.smsg.


